[MarkDown] Events should go first. Event 'b' in class Foo breaks order
[MarkDown] Constructor of Foo should go before other methods
[MarkDown] Event 'c' in class Foo breaks alphabetic ordering of events
[MarkDown] Foo.ddd breaks alphabetic ordering of class members.
[MarkDown] Foo.ccc() breaks alphabetic ordering of class members.